$ turbo run typecheck
• turbo 2.10.12

   • Packages in scope: @nyte-ai/ai, @nyte-ai/client, @nyte-ai/core, @nyte-ai/demo-website, @nyte-ai/desktop, @nyte-ai/plugin, @nyte-ai/protocol, @nyte-ai/schema, @nyte-ai/server, @nyte-ai/telemetry, @nyte-ai/tui, @nyte-ai/ui, demo, docs, nyte-ai
   • Running typecheck in 15 packages
   • Remote caching disabled

@nyte-ai/telemetry:typecheck: cache hit, replaying logs ea4466d88541633a
@nyte-ai/schema:typecheck: cache hit, replaying logs 791e7b02c63eec40
@nyte-ai/ui:typecheck: cache hit, replaying logs 66efbcb011baf2e3
@nyte-ai/telemetry:typecheck: $ tsc --noEmit
@nyte-ai/ui:typecheck: $ pnpm check:tokens && tsc --noEmit
@nyte-ai/ui:typecheck: $ node scripts/sync-platform-tokens.mjs --check
@nyte-ai/schema:typecheck: $ tsc --noEmit
@nyte-ai/ai:typecheck: cache miss, executing 36d81facdb930ecf
@nyte-ai/demo-website:typecheck: cache hit, replaying logs 7181fefc8cb9572c
@nyte-ai/protocol:typecheck: cache hit, replaying logs 6ec1d9dad4b00aea
@nyte-ai/protocol:typecheck: $ tsc --noEmit
@nyte-ai/demo-website:typecheck: $ tsc --noEmit
@nyte-ai/client:typecheck: cache hit, replaying logs f7f1410400d1fff8
@nyte-ai/client:typecheck: $ tsc --noEmit
@nyte-ai/ai:typecheck: $ tsc --noEmit
@nyte-ai/core:typecheck: cache miss, executing b1be55a1c5a1d366
@nyte-ai/core:typecheck: $ tsc --noEmit
@nyte-ai/server:typecheck: cache miss, executing eecc60c2f5e31a33
@nyte-ai/plugin:typecheck: cache miss, executing 23f4931cfb44a75c
@nyte-ai/plugin:typecheck: $ tsc --noEmit
@nyte-ai/server:typecheck: $ tsc --noEmit
@nyte-ai/desktop:typecheck: cache miss, executing 24e524c872c3592b
@nyte-ai/tui:typecheck: cache miss, executing 245b7f801f389ec8
@nyte-ai/tui:typecheck: $ tsc --noEmit
@nyte-ai/desktop:typecheck: $ tsc --noEmit

 Tasks:    12 successful, 12 total
Cached:    6 cached, 12 total
  Time:    12.142s 

