ISOLATED_APP_DATA /tmp/nyte-redundant-desktop-4TZSaU/app-data/Nyte Dev
SESSION {"sessionId":"session_f18dd879-2a4","createdAt":1788583954621,"lastActivityAt":1788583954621,"pinned":false,"archived":false,"heads":[{"head":"main","tip":null}],"config":{},"name":"Lifecycle fixture"}
respond
sandbox_extension_issue_file failed for /Users/workgyver/Developer/nyte/node_modules/.pnpm/electron@44.1.1_supports-color@7.2.0/node_modules/electron/dist/Electron.app/Contents/Frameworks/Electron Helper.app/Contents/Resources: 1 (Operation not permitted)
RESPOND Lifecycle fixture
New Chat
⌘
N
Search
⌘
K
Customize
Workspaces
Home
No sessions yet
fixture-project
Lifecycle fixture
now
Accounts
Verify the production working indicator
Working
Choose a model
Open Tabs
On fixture-project
Changes
Browser
Terminal
Files
tools
TOOLS Lifecycle fixture
New Chat
⌘
N
Search
⌘
K
Customize
Workspaces
Home
No sessions yet
fixture-project
Lifecycle fixture
now
Accounts
Verify the production working indicator
Working
Reasoning

Inspecting the fixture file.

Reading
Running
fixture.txt
Choose a model
Open Tabs
On fixture-project
Changes
Browser
Terminal
Files
done
DONE Lifecycle fixture
New Chat
⌘
N
Search
⌘
K
Customize
Workspaces
Home
No sessions yet
fixture-project
Lifecycle fixture
now
Accounts
Verify the production working indicator
Read
fixture.txt

The fixture check is complete.

Choose a model
Open Tabs
On fixture-project
Changes
Browser
Terminal
Files
(electron) 'console-message' arguments are deprecated and will be removed. Please use Event<WebContentsConsoleMessageEventParams> object instead.
RENDERER_ERRORS []
QA_ROOT /tmp/nyte-redundant-desktop-4TZSaU
