$ oxfmt --check
Checking formatting...

output/core-quality-audit-2026-09-04/evidence/change-detector-tests/parked-lease-observation.mjs (0ms)
output/core-quality-audit-2026-09-04/evidence/implementation-final-lint.json (0ms)
output/core-quality-audit-2026-09-04/evidence/nyte-adopt-race.mts (0ms)
output/core-quality-audit-2026-09-04/evidence/nyte-all-lint.json (7ms)
output/core-quality-audit-2026-09-04/evidence/nyte-compaction-activation-repro.mjs (0ms)
output/core-quality-audit-2026-09-04/evidence/nyte-core-audit.mjs (0ms)
output/core-quality-audit-2026-09-04/evidence/nyte-core-lint.json (0ms)
output/core-quality-audit-2026-09-04/evidence/nyte-effect-audit.mjs (0ms)
output/core-quality-audit-2026-09-04/evidence/nyte-plugin-order-repro.mjs (0ms)
output/core-quality-audit-2026-09-04/evidence/nyte-retry-audit.mjs (0ms)
output/core-quality-audit-2026-09-04/evidence/nyte-send-interleave.mts (0ms)
output/core-quality-audit-2026-09-04/evidence/nyte-send-retry.mts (0ms)
output/core-quality-audit-2026-09-04/evidence/nyte-workspace-write-race.mjs (0ms)
output/desktop-startup-qa/baseline-styles.json (0ms)
output/desktop-startup-qa/dev-styles.json (0ms)
output/desktop-startup-qa/launch-results.json (4ms)
output/desktop-startup-qa/reference-styles.json (0ms)
output/ip-study50/cloud-vector.mjs (0ms)
output/ip-study50/index.html (629ms)
output/ip-study50/manifest-sleepy.json (0ms)
output/ip-study50/manifest.json (0ms)
output/ip-study50/moon-editor.html (776ms)
output/nyte-icon-lab/icon.mjs (1ms)
output/nyte-icon-lab/index.html (353ms)
output/nyte-icon-lab/night.html (799ms)
output/nyte-icon-lab/night.mjs (2ms)
output/nyte-icon-lab/wordmark.mjs (0ms)
output/opentui-activity/index.html (1198ms)
output/style-audit/lifecycle-busy-terminal/long-queue_edit.json (1ms)
output/style-audit/lifecycle-busy-terminal/results.json (0ms)
output/style-audit/lifecycle-busy-terminal/short-queue_edit.json (1ms)
output/style-audit/lifecycle-tree-terminal/long-_edit.json (1ms)
output/style-audit/lifecycle-tree-terminal/results.json (0ms)
output/style-audit/lifecycle-tree-terminal/short-_edit.json (2ms)
packages/desktop/build/icon-settings.json (0ms)
packages/desktop/dist-fixed/mac-arm64/Nyte.app/Contents/Frameworks/Electron Framework.framework/Versions/A/Libraries/vk_swiftshader_icd.json (0ms)
packages/desktop/dist-fixed/mac-arm64/Nyte.app/Contents/Resources/app-update.yml (0ms)
packages/desktop/dist-local/mac-arm64/Nyte.app/Contents/Frameworks/Electron Framework.framework/Versions/A/Libraries/vk_swiftshader_icd.json (0ms)
packages/desktop/dist-local/mac-arm64/Nyte.app/Contents/Resources/app-update.yml (0ms)
packages/desktop/src/main/index.ts (3ms)
packages/docs/src/components/landing/two-hosts.tsx (2ms)
vscode-agents-window-lessons-2026-08-30.html (1123ms)

Format issues found in above 42 files. Run without `--check` to fix.
Finished in 1250ms on 642 files using 12 threads.
[ELIFECYCLE] Command failed with exit code 1.
