src/composer-markers.ts(12,39): error TS2307: Cannot find module './collapsed-tag.ts' or its corresponding type declarations.
src/notifications.ts(2,29): error TS2307: Cannot find module '@uji-ai/core' or its corresponding type declarations.
src/notifications.ts(48,13): error TS2322: Type 'RunEnd' is not assignable to type 'never'.
src/presenters.ts(1,33): error TS2307: Cannot find module '@uji-ai/core' or its corresponding type declarations.
src/presenters.ts(2,49): error TS2307: Cannot find module '@uji-ai/core' or its corresponding type declarations.
src/presenters.ts(10,40): error TS7006: Parameter 'view' implicitly has an 'any' type.
src/presenters.ts(10,46): error TS7006: Parameter 'base' implicitly has an 'any' type.
src/presenters.ts(22,35): error TS7006: Parameter 'view' implicitly has an 'any' type.
src/presenters.ts(22,41): error TS7006: Parameter 'base' implicitly has an 'any' type.
src/presenters.ts(31,44): error TS7006: Parameter 'entry' implicitly has an 'any' type.
src/presenters.ts(31,51): error TS7006: Parameter 'base' implicitly has an 'any' type.
src/presenters.ts(37,39): error TS7006: Parameter 'entry' implicitly has an 'any' type.
src/presenters.ts(37,46): error TS7006: Parameter 'base' implicitly has an 'any' type.
src/session-title.ts(8,29): error TS2307: Cannot find module '@uji-ai/ai' or its corresponding type declarations.
src/session-title.ts(9,56): error TS2307: Cannot find module '@uji-ai/ai' or its corresponding type declarations.
src/session-title.ts(10,41): error TS2307: Cannot find module '@uji-ai/schema' or its corresponding type declarations.
src/session-title.ts(11,70): error TS2307: Cannot find module '@uji-ai/core/store' or its corresponding type declarations.
src/session-title.ts(134,15): error TS7006: Parameter 'part' implicitly has an 'any' type.
src/session-title.ts(142,15): error TS7006: Parameter 'entry' implicitly has an 'any' type.
src/session-title.ts(160,39): error TS7006: Parameter 'model' implicitly has an 'any' type.
src/session-title.ts(197,13): error TS7006: Parameter 'line' implicitly has an 'any' type.
src/session-title.ts(198,14): error TS7006: Parameter 'line' implicitly has an 'any' type.
src/terminal-title.ts(13,37): error TS2307: Cannot find module '@uji-ai/core/store' or its corresponding type declarations.
src/uji-host.ts(24,8): error TS2307: Cannot find module '@uji-ai/ai' or its corresponding type declarations.
src/uji-host.ts(25,73): error TS2307: Cannot find module '@uji-ai/core' or its corresponding type declarations.
src/uji-host.ts(36,8): error TS2307: Cannot find module '@uji-ai/core' or its corresponding type declarations.
src/uji-host.ts(37,28): error TS2307: Cannot find module '@uji-ai/schema' or its corresponding type declarations.
src/uji-host.ts(39,10): error TS2305: Module '"./run.ts"' has no exported member 'resolveCliPlugins'.
src/uji-host.ts(39,29): error TS2459: Module '"./run.ts"' declares 'resolveRunModelId' locally, but it is not exported.
src/uji-host.ts(39,53): error TS2724: '"./run.ts"' has no exported member named 'ResolvedRuntime'. Did you mean 'resolveRuntime'?
src/uji-host.ts(41,56): error TS2307: Cannot find module '@uji-ai/core/store' or its corresponding type declarations.
src/uji-host.ts(160,20): error TS7006: Parameter 'model' implicitly has an 'any' type.
src/uji-host.ts(160,27): error TS7006: Parameter 'context' implicitly has an 'any' type.
src/uji-host.ts(160,36): error TS7006: Parameter 'streamOptions' implicitly has an 'any' type.
src/uji-host.ts(163,31): error TS7006: Parameter 'limits' implicitly has an 'any' type.
src/uji-host.ts(168,23): error TS7006: Parameter 'provider' implicitly has an 'any' type.
src/uji-host.ts(169,22): error TS7006: Parameter 'provider' implicitly has an 'any' type.
src/uji-host.ts(169,32): error TS7006: Parameter 'id' implicitly has an 'any' type.
src/uji-host.ts(170,23): error TS7006: Parameter 'provider' implicitly has an 'any' type.
src/uji-host.ts(171,25): error TS7006: Parameter 'id' implicitly has an 'any' type.
src/uji-host.ts(327,16): error TS7006: Parameter 'candidate' implicitly has an 'any' type.
src/uji-host.ts(352,16): error TS7006: Parameter 'candidate' implicitly has an 'any' type.
src/uji-host.ts(380,51): error TS7006: Parameter 'window' implicitly has an 'any' type.
src/uji-host.ts(425,47): error TS7006: Parameter 'command' implicitly has an 'any' type.
src/uji-host.ts(426,43): error TS7006: Parameter 'skill' implicitly has an 'any' type.
src/usage-panel.ts(203,22): error TS2339: Property 'state' does not exist on type 'RunCardRow'.
src/usage-panel.ts(293,57): error TS2339: Property 'summary' does not exist on type '{ readonly kind: "checking"; readonly name: string; } | { readonly kind: "unavailable"; readonly name: string; } | { readonly kind: "known"; readonly name: string; readonly meta: string; readonly stale: boolean; readonly windows: readonly [...]; }'.
  Property 'summary' does not exist on type '{ readonly kind: "checking"; readonly name: string; }'.
src/usage-panel.ts(295,43): error TS2339: Property 'rows' does not exist on type '{ readonly kind: "checking"; readonly name: string; } | { readonly kind: "unavailable"; readonly name: string; } | { readonly kind: "known"; readonly name: string; readonly meta: string; readonly stale: boolean; readonly windows: readonly [...]; }'.
  Property 'rows' does not exist on type '{ readonly kind: "checking"; readonly name: string; }'.
test/appearance.test.ts(3,10): error TS2305: Module '"../src/theme.ts"' has no exported member 'GROKDAY'.
test/appearance.test.ts(3,19): error TS2305: Module '"../src/theme.ts"' has no exported member 'GROKNIGHT'.
test/appearance.test.ts(3,30): error TS2724: '"../src/theme.ts"' has no exported member named 'resolveTheme'. Did you mean 'resolveThemeMode'?
test/notifications.test.ts(3,29): error TS2307: Cannot find module '@uji-ai/core' or its corresponding type declarations.
test/offline-boot.test.ts(13,8): error TS2307: Cannot find module '@uji-ai/ai' or its corresponding type declarations.
test/offline-boot.test.ts(14,48): error TS2307: Cannot find module '@uji-ai/ai' or its corresponding type declarations.
test/offline-boot.test.ts(15,10): error TS2305: Module '"../src/catalog.ts"' has no exported member 'createCliModels'.
test/offline-boot.test.ts(29,28): error TS2552: Cannot find name 'RequestInfo'. Did you mean 'RequestInit'?
test/offline-boot.test.ts(36,11): error TS7006: Parameter 'input' implicitly has an 'any' type.
test/offline-boot.test.ts(36,18): error TS7006: Parameter 'init' implicitly has an 'any' type.
test/print.test.ts(16,28): error TS2307: Cannot find module '@uji-ai/ai' or its corresponding type declarations.
test/print.test.ts(17,27): error TS2307: Cannot find module '@uji-ai/core' or its corresponding type declarations.
test/print.test.ts(18,26): error TS2307: Cannot find module '@uji-ai/core' or its corresponding type declarations.
test/print.test.ts(20,10): error TS2305: Module '"../src/print.ts"' has no exported member 'followRun'.
test/print.test.ts(20,21): error TS2305: Module '"../src/print.ts"' has no exported member 'outputLine'.
test/print.test.ts(20,33): error TS2305: Module '"../src/print.ts"' has no exported member 'printLifetime'.
test/print.test.ts(20,48): error TS2305: Module '"../src/print.ts"' has no exported member 'reportRun'.
test/print.test.ts(20,59): error TS2305: Module '"../src/print.ts"' has no exported member 'runPrint'.
test/print.test.ts(21,15): error TS2305: Module '"../src/print.ts"' has no exported member 'PrintSdk'.
test/print.test.ts(25,50): error TS2307: Cannot find module '@uji-ai/core/plugins' or its corresponding type declarations.
test/print.test.ts(26,35): error TS2307: Cannot find module '@uji-ai/core/store' or its corresponding type declarations.
test/print.test.ts(123,18): error TS7006: Parameter '_provider' implicitly has an 'any' type.
test/print.test.ts(123,29): error TS7006: Parameter 'id' implicitly has an 'any' type.
test/print.test.ts(125,21): error TS7006: Parameter 'id' implicitly has an 'any' type.
test/print.test.ts(174,17): error TS7006: Parameter 'input' implicitly has an 'any' type.
test/print.test.ts(209,17): error TS7006: Parameter 'input' implicitly has an 'any' type.
test/print.test.ts(213,29): error TS7006: Parameter 'input' implicitly has an 'any' type.
test/print.test.ts(221,24): error TS7006: Parameter 'input' implicitly has an 'any' type.
test/print.test.ts(273,17): error TS7006: Parameter 'input' implicitly has an 'any' type.
test/qa/demo-progress.ts(10,10): error TS2305: Module '"../../src/theme.ts"' has no exported member 'GROKNIGHT'.
test/qa/driver.ts(23,34): error TS2307: Cannot find module '../../src/lifecycle.ts' or its corresponding type declarations.
test/qa/driver.ts(124,7): error TS2554: Expected 1 arguments, but got 2.
test/sandbox/seed.ts(18,8): error TS2307: Cannot find module '@uji-ai/ai' or its corresponding type declarations.
test/sandbox/seed.ts(19,33): error TS2307: Cannot find module '@uji-ai/ai' or its corresponding type declarations.
test/sandbox/seed.ts(20,48): error TS2307: Cannot find module '@uji-ai/core' or its corresponding type declarations.
test/sandbox/seed.ts(21,56): error TS2307: Cannot find module '@uji-ai/core' or its corresponding type declarations.
test/sandbox/seed.ts(22,56): error TS2307: Cannot find module '@uji-ai/schema' or its corresponding type declarations.
test/sandbox/seed.ts(24,65): error TS2307: Cannot find module '@uji-ai/core/plugins' or its corresponding type declarations.
test/sandbox/seed.ts(25,35): error TS2307: Cannot find module '@uji-ai/core/store' or its corresponding type declarations.
test/sandbox/seed.ts(218,16): error TS7006: Parameter 'provider' implicitly has an 'any' type.
test/sandbox/seed.ts(218,26): error TS7006: Parameter 'id' implicitly has an 'any' type.
test/sandbox/seed.ts(220,23): error TS7006: Parameter 'providerId' implicitly has an 'any' type.
test/sandbox/seed.ts(222,19): error TS7006: Parameter 'id' implicitly has an 'any' type.
test/session-title.test.ts(13,8): error TS2307: Cannot find module '@uji-ai/ai' or its corresponding type declarations.
test/session-title.test.ts(14,32): error TS2307: Cannot find module '@uji-ai/schema' or its corresponding type declarations.
test/session-title.test.ts(15,30): error TS2307: Cannot find module '@uji-ai/schema' or its corresponding type declarations.
test/session-title.test.ts(18,10): error TS2305: Module '"../src/run.ts"' has no exported member 'manifestPluginOptions'.
test/session-title.test.ts(19,63): error TS2307: Cannot find module '@uji-ai/core/store' or its corresponding type declarations.
test/session-title.test.ts(98,17): error TS7006: Parameter 'provider' implicitly has an 'any' type.
test/session-title.test.ts(100,28): error TS7006: Parameter 'model' implicitly has an 'any' type.
test/session-title.test.ts(100,35): error TS7006: Parameter 'context' implicitly has an 'any' type.
test/session-title.test.ts(100,44): error TS7006: Parameter 'options' implicitly has an 'any' type.
test/terminal-title.test.ts(16,35): error TS2307: Cannot find module '@uji-ai/core/store' or its corresponding type declarations.
test/usage-panel.test.ts(5,10): error TS2459: Module '"../src/transcript.ts"' declares 'appendUser' locally, but it is not exported.
test/usage-panel.test.ts(6,10): error TS2305: Module '"../src/theme.ts"' has no exported member 'GROKNIGHT'.
test/usage-panel.test.ts(7,54): error TS2307: Cannot find module '../src/tui.ts' or its corresponding type declarations.
test/usage-panel.test.ts(8,25): error TS2307: Cannot find module '../src/tui.ts' or its corresponding type declarations.
test/usage-panel.test.ts(16,9): error TS2353: Object literal may only specify known properties, and 'state' does not exist in type 'RunCardRow'.
test/usage-panel.test.ts(27,5): error TS2322: Type '"providers"' is not assignable to type '"checking" | "known" | "none" | "unavailable"'.
test/usage.test.ts(6,41): error TS2307: Cannot find module '@uji-ai/core' or its corresponding type declarations.
test/usage.test.ts(7,36): error TS2307: Cannot find module '@uji-ai/ai' or its corresponding type declarations.
test/usage.test.ts(8,28): error TS2307: Cannot find module '@uji-ai/schema' or its corresponding type declarations.
test/usage.test.ts(10,3): error TS2305: Module '"../src/usage.ts"' has no exported member 'collectWorkspaceUsage'.
test/usage.test.ts(11,3): error TS2305: Module '"../src/usage.ts"' has no exported member 'projectHeadroom'.
test/usage.test.ts(13,8): error TS2724: '"../src/usage.ts"' has no exported member named 'WorkspaceUsage'. Did you mean 'WorkspaceUsageCard'?
test/usage.test.ts(15,56): error TS2307: Cannot find module '@uji-ai/core/store' or its corresponding type declarations.
test/usage.test.ts(157,26): error TS7006: Parameter 'run' implicitly has an 'any' type.
test/usage.test.ts(161,42): error TS2554: Expected 2 arguments, but got 3.
test/usage.test.ts(184,17): error TS7006: Parameter 'row' implicitly has an 'any' type.
test/usage.test.ts(206,7): error TS2554: Expected 2 arguments, but got 3.
test/usage.test.ts(209,32): error TS2339: Property 'summary' does not exist on type 'never'.
test/usage.test.ts(210,43): error TS2339: Property 'rows' does not exist on type 'never'.
test/usage.test.ts(227,56): error TS2554: Expected 2 arguments, but got 3.
test/usage.test.ts(232,55): error TS2554: Expected 2 arguments, but got 3.
test/usage.test.ts(237,15): error TS2367: This comparison appears to be unintentional because the types '"checking" | "known" | "none" | "unavailable"' and '"providers"' have no overlap.
test/usage.test.ts(237,55): error TS2367: This comparison appears to be unintentional because the types '"checking" | "known" | "none" | "unavailable"' and '"providers"' have no overlap.
test/usage.test.ts(238,34): error TS2339: Property 'rows' does not exist on type 'never'.
test/usage.test.ts(239,33): error TS2339: Property 'rows' does not exist on type 'never'.
test/usage.test.ts(240,31): error TS2339: Property 'rows' does not exist on type 'never'.
test/usage.test.ts(241,30): error TS2339: Property 'rows' does not exist on type 'never'.
test/usage.test.ts(242,34): error TS2339: Property 'rows' does not exist on type 'never'.
test/usage.test.ts(243,38): error TS2339: Property 'rows' does not exist on type 'never'.
test/usage.test.ts(243,62): error TS2339: Property 'rows' does not exist on type 'never'.
test/usage.test.ts(245,53): error TS2554: Expected 2 arguments, but got 3.
test/usage.test.ts(250,15): error TS2367: This comparison appears to be unintentional because the types '"checking" | "known" | "none" | "unavailable"' and '"providers"' have no overlap.
test/usage.test.ts(251,39): error TS2339: Property 'rows' does not exist on type 'never'.
test/usage.test.ts(257,59): error TS2554: Expected 2 arguments, but got 3.
test/usage.test.ts(262,15): error TS2367: This comparison appears to be unintentional because the types '"checking" | "known" | "none" | "unavailable"' and '"providers"' have no overlap.
test/usage.test.ts(263,45): error TS2339: Property 'rows' does not exist on type 'never'.
test/usage.test.ts(271,50): error TS2554: Expected 2 arguments, but got 3.
test/usage.test.ts(302,7): error TS2554: Expected 2 arguments, but got 3.
test/usage.test.ts(338,7): error TS2554: Expected 2 arguments, but got 3.
test/usage.test.ts(366,7): error TS2554: Expected 2 arguments, but got 3.
